OziExplorer Map Data File Version 2.2
N-37-001-1
test_data/test_data/E:\.0\0\N-37-001-A_19xx_19xx_Ñûקוגמ.jpg
1 ,Map Code,
Pulkovo 1942 (2),WGS 84,   0.0000,   0.0000,WGS 84
Reserved 1
Reserved 2
Magnetic Variation,,,E
Map Projection,Transverse Mercator,PolyCal,No,AutoCalOnly,No,BSBUseWPX,No
Point01,xy,   37, 4499,in, deg,  55,50.000000,N,  36,0.000000,E, grid,   ,           ,           ,N
Point02,xy,   51, 2284,in, deg,  55,55.000000,N,  36,0.000000,E, grid,   ,           ,           ,N
Point03,xy,   65,   66,in, deg,  56,0.000000,N,  36,0.000000,E, grid,   ,           ,           ,N
Point04,xy, 1869, 4499,in, deg,  55,50.000000,N,  36,7.500000,E, grid,   ,           ,           ,N
Point05,xy, 1909, 2282,in, deg,  55,55.000000,N,  36,7.500000,E, grid,   ,           ,           ,N
Point06,xy, 1912,   66,in, deg,  56,0.000000,N,  36,7.500000,E, grid,   ,           ,           ,N
Point07,xy, 3760, 4498,in, deg,  55,50.000000,N,  36,15.000000,E, grid,   ,           ,           ,N
Point08,xy, 3763, 2289,in, deg,  55,55.000000,N,  36,15.000000,E, grid,   ,           ,           ,N
Point09,xy, 3771,   66,in, deg,  56,0.000000,N,  36,15.000000,E, grid,   ,           ,           ,N
Point10,xy,     ,     ,in, deg,    ,        ,N,    ,        ,W, grid,   ,           ,           ,N
Point11,xy,     ,     ,in, deg,    ,        ,N,    ,        ,W, grid,   ,           ,           ,N
Point12,xy,     ,     ,in, deg,    ,        ,N,    ,        ,W, grid,   ,           ,           ,N
Point13,xy,     ,     ,in, deg,    ,        ,N,    ,        ,W, grid,   ,           ,           ,N
Point14,xy,     ,     ,in, deg,    ,        ,N,    ,        ,W, grid,   ,           ,           ,N
Point15,xy,     ,     ,in, deg,    ,        ,N,    ,        ,W, grid,   ,           ,           ,N
Point16,xy,     ,     ,in, deg,    ,        ,N,    ,        ,W, grid,   ,           ,           ,N
Point17,xy,     ,     ,in, deg,    ,        ,N,    ,        ,W, grid,   ,           ,           ,N
Point18,xy,     ,     ,in, deg,    ,        ,N,    ,        ,W, grid,   ,           ,           ,N
Point19,xy,     ,     ,in, deg,    ,        ,N,    ,        ,W, grid,   ,           ,           ,N
Point20,xy,     ,     ,in, deg,    ,        ,N,    ,        ,W, grid,   ,           ,           ,N
Point21,xy,     ,     ,in, deg,    ,        ,N,    ,        ,W, grid,   ,           ,           ,N
Point22,xy,     ,     ,in, deg,    ,        ,N,    ,        ,W, grid,   ,           ,           ,N
Point23,xy,     ,     ,in, deg,    ,        ,N,    ,        ,W, grid,   ,           ,           ,N
Point24,xy,     ,     ,in, deg,    ,        ,N,    ,        ,W, grid,   ,           ,           ,N
Point25,xy,     ,     ,in, deg,    ,        ,N,    ,        ,W, grid,   ,           ,           ,N
Point26,xy,     ,     ,in, deg,    ,        ,N,    ,        ,W, grid,   ,           ,           ,N
Point27,xy,     ,     ,in, deg,    ,        ,N,    ,        ,W, grid,   ,           ,           ,N
Point28,xy,     ,     ,in, deg,    ,        ,N,    ,        ,W, grid,   ,           ,           ,N
Point29,xy,     ,     ,in, deg,    ,        ,N,    ,        ,W, grid,   ,           ,           ,N
Point30,xy,     ,     ,in, deg,    ,        ,N,    ,        ,W, grid,   ,           ,           ,N
Projection Setup,0.0,39.000000000,1.0,7500000.00,0.0
Map Feature = MF ; Map Comment = MC     These follow if they exist
Track File = TF      These follow if they exist
Moving Map Parameters = MM?    These follow if they exist
MM0,Yes
MMPNUM,5
MMPXY,1,65,66
MMPXY,2,3771,67
MMPXY,3,3751,4500
MMPXY,4,30,4498
MMPXY,5,65,66
MMPLL,1, 36.000000,  56.000000
MMPLL,2, 36.250000,  56.000000
MMPLL,3, 36.250000,  55.833333
MMPLL,4, 36.000000,  55.833333
MMPLL,5, 36.000000,  56.000000
MM1B,4.193523
MOP,Map Open Position,0,0
IWH,Map Image Width/Height,3809,4550
